[
    {
        "name": "\u041d\u043e\u0432\u044b\u0439 \u0433\u043e\u0434",
        "date": "2024-01-01"
    },
    {
        "name": "\u041c\u0435\u0436\u0434\u0443\u043d\u0430\u0440\u043e\u0434\u043d\u044b\u0439 \u0436\u0435\u043d\u0441\u043a\u0438\u0439 \u0434\u0435\u043d\u044c",
        "date": "2024-03-08"
    },
    {
        "name": "\u041d\u0430\u0432\u0440\u0443\u0437",
        "date": "2024-03-21"
    },
    {
        "name": "\u0420\u0430\u043c\u0430\u0437\u0430\u043d \u0425\u0430\u0438\u0442",
        "date": "2024-04-10"
    },
    {
        "name": "\u0414\u0435\u043d\u044c \u043f\u0430\u043c\u044f\u0442\u0438 \u0438 \u043f\u043e\u0447\u0435\u0441\u0442\u0435\u0439",
        "date": "2024-05-09"
    },
    {
        "name": "\u041a\u0443\u0440\u0431\u0430\u043d \u0425\u0430\u0438\u0442",
        "date": "2024-06-17"
    },
    {
        "name": "\u0414\u0435\u043d\u044c \u041d\u0435\u0437\u0430\u0432\u0438\u0441\u0438\u043c\u043e\u0441\u0442\u0438",
        "date": "2024-09-01"
    },
    {
        "name": "\u0414\u0435\u043d\u044c \u0443\u0447\u0438\u0442\u0435\u043b\u044f",
        "date": "2024-10-01"
    },
    {
        "name": "\u0414\u0435\u043d\u044c \u041a\u043e\u043d\u0441\u0442\u0438\u0442\u0443\u0446\u0438\u0438",
        "date": "2024-12-08"
    }
]