[
    {
        "name": "Yangi yil",
        "date": "2024-01-01"
    },
    {
        "name": "Xalqaro xotin-qizlar kuni",
        "date": "2024-03-08"
    },
    {
        "name": "Navro'z",
        "date": "2024-03-21"
    },
    {
        "name": "Ramazon Hayiti",
        "date": "2024-04-10"
    },
    {
        "name": "Xotira va qadrlash kuni",
        "date": "2024-05-09"
    },
    {
        "name": "Qurbon Hayiti",
        "date": "2024-06-17"
    },
    {
        "name": "Mustaqillik kuni",
        "date": "2024-09-01"
    },
    {
        "name": "Ustoz va murabbiylar kuni",
        "date": "2024-10-01"
    },
    {
        "name": "Konstitutsiya kuni",
        "date": "2024-12-08"
    }
]