[
    {
        "name": "Yangi yil",
        "date": "2033-01-01"
    },
    {
        "name": "Ramazon Hayiti",
        "date": "2033-01-03"
    },
    {
        "name": "Xalqaro xotin-qizlar kuni",
        "date": "2033-03-08"
    },
    {
        "name": "Qurbon Hayiti",
        "date": "2033-03-12"
    },
    {
        "name": "Navro'z",
        "date": "2033-03-21"
    },
    {
        "name": "Xotira va qadrlash kuni",
        "date": "2033-05-09"
    },
    {
        "name": "Mustaqillik kuni",
        "date": "2033-09-01"
    },
    {
        "name": "Ustoz va murabbiylar kuni",
        "date": "2033-10-01"
    },
    {
        "name": "Konstitutsiya kuni",
        "date": "2033-12-08"
    },
    {
        "name": "Ramazon Hayiti 2",
        "date": "2033-12-23"
    }
]